Microchip MPLAB XC8 Compiler V2.50

Linker command line:

-W-3 \
  --edf=C:\Program Files\Microchip\xc8\v2.50\pic\dat\20240725155939_en.msgs \
  -cn -h+dist/default/production\car_black_box.X.production.sym \
  --cmf=dist/default/production\car_black_box.X.production.cmf -z -Q18F4580 \
  -oC:\Users\Dell\AppData\Local\Temp\xcAsmqg.\driver_tmp_3.o \
  --defsym=__MPLAB_BUILD=1 --fixupoverflow=error \
  -Mdist/default/production/car_black_box.X.production.map \
  --md=C:\Users\Dell\AppData\Local\Temp\xcAsmqg.\driver_tmp_0.dat -E1 \
  -ver=XC8 Compiler --acfsm=1493 -ACODE=00h-07FFFh -ACONST=00h-07FFFh \
  -ASMALLCONST=0600h-06FFhx122 -AMEDIUMCONST=0600h-07FFFh -ACOMRAM=01h-05Fh \
  -AABS1=00h-05FFh -ABIGRAM=01h-05FFh -ARAM=060h-0FFh,0100h-01FFhx5 \
  -ABANK0=060h-0FFh -ABANK1=0100h-01FFh -ABANK2=0200h-02FFh \
  -ABANK3=0300h-03FFh -ABANK4=0400h-04FFh -ABANK5=0500h-05FFh \
  -ASFR=0D00h-0DFFhx2,0F00h-0F5Fh,0F60h-0FFFh -ABIGSFR=0D00h-0FFFh \
  -ACONFIG=0300000h-030000Dh -AIDLOC=0200000h-0200007h \
  -AEEDATA=0F00000h-0F000FFh -peeprom_data=EEDATA \
  -preset_vec=00h,intcode,sivt_hi,intcodelo,sivt_lo,powerup,init \
  -pramtop=0600h -psmallconst=SMALLCONST -pmediumconst=MEDIUMCONST \
  -pconst=CONST -AFARRAM=00h-00h \
  -prdata=COMRAM,nvrram=COMRAM,nvbit=COMRAM,rbss=COMRAM,rbit=COMRAM \
  -pfarbss=FARRAM,fardata=FARRAM,nvFARRAM=FARRAM \
  -pintsave_regs=BIGRAM,bigbss=BIGRAM,bigdata=BIGRAM -pbss=RAM \
  -pidata=CODE,irdata=CODE,ibigdata=CODE,ifardata=CODE -prparam=COMRAM \
  C:\Users\Dell\AppData\Local\Temp\xcAsmqg.\driver_tmp_9.o \
  dist/default/production\car_black_box.X.production.o 

Object code version is 3.11

Machine type is 18F4580



                Name                               Link     Load   Length Selector   Space Scale
C:\Users\Dell\AppData\Local\Temp\xcAsmqg.\driver_tmp_9.o
                idloc                            200000   200000        8        0       5
                config                           300000   300000        E        0       4
                init                                  0        0        4        0       0
dist/default/production\car_black_box.X.production.o
                idloc                            200000   200000        8        0       5
                config                           300000   300000        E        0       4
                smallconst                          600      600       F2      300       0
                text40                             2302     2302       3A      379       0
                text39                             20A8     20A8       6C      379       0
                text38                             1E1A     1E1A       9C      379       0
                text37                              EF4      EF4      390      379       0
                text36                             1C6E     1C6E      106      379       0
                text35                             169A     169A      1B4      379       0
                text34                             240E     240E       18      379       0
                text33                             2278     2278       46      379       0
                text32                             1FB8     1FB8       7C      379       0
                text31                             1F38     1F38       80      379       0
                text30                             2034     2034       74      379       0
                text29                             2114     2114       64      379       0
                text28                             2452     2452       12      379       0
                text27                             24B2     24B2        8      379       0
                text26                             24AA     24AA        8      379       0
                text25                             248E     248E        C      379       0
                text24                             21D6     21D6       54      379       0
                text23                             19F0     19F0      142      379       0
                text22                             184E     184E      1A2      379       0
                text21                             243C     243C       16      379       0
                text20                             2178     2178       5E      379       0
                text19                             14E2     14E2      1B8      379       0
                text18                             24BA     24BA        6      379       0
                text17                             24A2     24A2        8      379       0
                text16                             2482     2482        C      379       0
                text15                             249A     249A        8      379       0
                text14                             2390     2390       2A      379       0
                text13                             1EB6     1EB6       82      379       0
                text12                             23D8     23D8       1C      379       0
                text11                             1D74     1D74       A6      379       0
                text10                             23BA     23BA       1E      379       0
                text9                              22BE     22BE       44      379       0
                text8                              2426     2426       16      379       0
                text7                              2464     2464       10      379       0
                text6                              2366     2366       2A      379       0
                text5                              23F4     23F4       1A      379       0
                text4                              1B32     1B32      13C      379       0
                text3                               6F2      6F2      40E      379       0
                text2                              233C     233C       2A      379       0
                text1                               B00      B00      3F4      379       0
                text0                              1284     1284      25E      379       0
                cstackCOMRAM                          1        1       39        1       1
                bssBANK1                            100      100       96      100       1
                dataBANK0                            60       60        E       60       1
                bssBANK0                             6E       6E        D       60       1
                bssCOMRAM                            3A       3A       26        1       1
                cinit                              222A     222A       4E      379       0
                idataBANK0                         2474     2474        E      379       0

TOTAL           Name                               Link     Load   Length     Space
        CLASS   CODE           
                init                                  0        0        4         0
                text40                             2302     2302       3A         0
                text39                             20A8     20A8       6C         0
                text38                             1E1A     1E1A       9C         0
                text37                              EF4      EF4      390         0
                text36                             1C6E     1C6E      106         0
                text35                             169A     169A      1B4         0
                text34                             240E     240E       18         0
                text33                             2278     2278       46         0
                text32                             1FB8     1FB8       7C         0
                text31                             1F38     1F38       80         0
                text30                             2034     2034       74         0
                text29                             2114     2114       64         0
                text28                             2452     2452       12         0
                text27                             24B2     24B2        8         0
                text26                             24AA     24AA        8         0
                text25                             248E     248E        C         0
                text24                             21D6     21D6       54         0
                text23                             19F0     19F0      142         0
                text22                             184E     184E      1A2         0
                text21                             243C     243C       16         0
                text20                             2178     2178       5E         0
                text19                             14E2     14E2      1B8         0
                text18                             24BA     24BA        6         0
                text17                             24A2     24A2        8         0
                text16                             2482     2482        C         0
                text15                             249A     249A        8         0
                text14                             2390     2390       2A         0
                text13                             1EB6     1EB6       82         0
                text12                             23D8     23D8       1C         0
                text11                             1D74     1D74       A6         0
                text10                             23BA     23BA       1E         0
                text9                              22BE     22BE       44         0
                text8                              2426     2426       16         0
                text7                              2464     2464       10         0
                text6                              2366     2366       2A         0
                text5                              23F4     23F4       1A         0
                text4                              1B32     1B32      13C         0
                text3                               6F2      6F2      40E         0
                text2                              233C     233C       2A         0
                text1                               B00      B00      3F4         0
                text0                              1284     1284      25E         0
                cinit                              222A     222A       4E         0
                idataBANK0                         2474     2474        E         0

        CLASS   CONST          

        CLASS   SMALLCONST     
                smallconst                          600      600       F2         0

        CLASS   MEDIUMCONST    

        CLASS   COMRAM         
                cstackCOMRAM                          1        1       39         1
                bssCOMRAM                            3A       3A       26         1

        CLASS   ABS1           

        CLASS   BIGRAM         

        CLASS   RAM            

        CLASS   BANK0          
                dataBANK0                            60       60        E         1
                bssBANK0                             6E       6E        D         1

        CLASS   BANK1          
                bssBANK1                            100      100       96         1

        CLASS   BANK2          

        CLASS   BANK3          

        CLASS   BANK4          

        CLASS   BANK5          

        CLASS   SFR            

        CLASS   BIGSFR         

        CLASS   CONFIG         
                config                           300000   300000        E         4

        CLASS   IDLOC          
                idloc                            200000   200000        8         5

        CLASS   EEDATA         

        CLASS   FARRAM         

        CLASS   HEAP           

        CLASS   STACK          



SEGMENTS        Name                           Load    Length   Top    Selector   Space  Class

                reset_vec                      000000  000004  000004         0       0  CODE    
                cstackCOMRAM                   000001  00005F  000060         1       1  COMRAM  
                dataBANK0                      000060  00001B  00007B        60       1  BANK0   
                bssBANK1                       000100  000096  000196       100       1  BANK1   
                smallconst                     000600  0000F2  0006F2       300       0  SMALLCON
                text3                          0006F2  001DCE  0024C0       379       0  CODE    


UNUSED ADDRESS RANGES

        Name                Unused          Largest block    Delta
        BANK0            00007B-0000FF               85
        BANK1            000196-0001FF               6A
        BANK2            000200-0002FF              100
        BANK3            000300-0003FF              100
        BANK4            000400-0004FF              100
        BANK5            000500-0005FF              100
        BIGRAM           00007B-0000FF               85
                         000196-0005FF              46A
        BIGSFR           000D00-000FFF              300
        CODE             000004-0005FF              5FC
                         0024C0-007FFF             5B40
        CONST            000004-0005FF              5FC
                         0024C0-007FFF             5B40
        EEDATA           F00000-F000FF              100
        MEDIUMCONST      0024C0-007FFF             5B40
        RAM              00007B-0000FF               85
                         000196-0005FF              100
        SFR              000D00-000FFF              100
        SMALLCONST       0024C0-007FFF              100

                                  Symbol Table

?___fldiv                         cstackCOMRAM 000016
?___fltol                         cstackCOMRAM 00002F
?___lwdiv                         cstackCOMRAM 000001
?___lwmod                         cstackCOMRAM 000001
?___xxtofl                        cstackCOMRAM 000008
?_read_adc                        cstackCOMRAM 000001
_ABDEN                            (abs)        007DC0
_ABDOVF                           (abs)        007DC7
_ACKDT                            (abs)        007E2D
_ACKEN                            (abs)        007E2C
_ACKSTAT                          (abs)        007E2E
_ACQT0                            (abs)        007E03
_ACQT1                            (abs)        007E04
_ACQT2                            (abs)        007E05
_ADCON0                           (abs)        000FC2
_ADCS0                            (abs)        007E00
_ADCS1                            (abs)        007E01
_ADCS2                            (abs)        007E02
_ADFM                             (abs)        007E07
_ADON                             (abs)        007E10
_ADRESH                           (abs)        000FC4
_ADRESL                           (abs)        000FC3
_BCLIF                            (abs)        007D0B
_BRG16                            (abs)        007DC3
_BRGH                             (abs)        007D62
_CKE                              (abs)        007E3E
_CREN                             (abs)        007D5C
_EEADR                            (abs)        000FA9
_EECON1bits                       (abs)        000FA6
_EECON2                           (abs)        000FA7
_EEDATA                           (abs)        000FA8
_GIE                              (abs)        007F97
_GO                               (abs)        007E11
_GODONE                           (abs)        007E11
_PEN                              (abs)        007E2A
_PIR2bits                         (abs)        000FA1
_PORTD                            (abs)        000F83
_RB1                              (abs)        007C09
_RB2                              (abs)        007C0A
_RB5                              (abs)        007C0D
_RB6                              (abs)        007C0E
_RB7                              (abs)        007C0F
_RBPU                             (abs)        007F8F
_RC0                              (abs)        007C10
_RC1                              (abs)        007C11
_RC2                              (abs)        007C12
_RCEN                             (abs)        007E2B
_RCIE                             (abs)        007CED
_RCIF                             (abs)        007CF5
_RCREG                            (abs)        000FAE
_RD7                              (abs)        007C1F
_RSEN                             (abs)        007E29
_RX9                              (abs)        007D5E
_SEN                              (abs)        007E28
_SENDB                            (abs)        007D63
_SMP                              (abs)        007E3F
_SPBRG                            (abs)        000FAF
_SPEN                             (abs)        007D5F
_SSPADD                           (abs)        000FC8
_SSPBUF                           (abs)        000FC9
_SSPCON1                          (abs)        000FC6
_SSPIF                            (abs)        007CF3
_SYNC                             (abs)        007D64
_TRISB                            (abs)        000F93
_TRISC                            (abs)        000F94
_TRISC3                           (abs)        007CA3
_TRISC4                           (abs)        007CA4
_TRISC6                           (abs)        007CA6
_TRISC7                           (abs)        007CA7
_TRISD                            (abs)        000F95
_TRISD7                           (abs)        007CAF
_TX9                              (abs)        007D66
_TXEN                             (abs)        007D65
_TXIE                             (abs)        007CEC
_TXIF                             (abs)        007CF4
_TXREG                            (abs)        000FAD
_VCFG0                            (abs)        007E0C
_VCFG1                            (abs)        007E0D
_WUE                              (abs)        007DC1
__HRAM                            (abs)        000000
__H__absolute__                   __absolute__ 000000
__Habs1                           abs1         000000
__Hbank0                          bank0        000000
__Hbank1                          bank1        000000
__Hbank2                          bank2        000000
__Hbank3                          bank3        000000
__Hbank4                          bank4        000000
__Hbank5                          bank5        000000
__Hbigbss                         bigbss       000000
__Hbigdata                        bigdata      000000
__Hbigram                         bigram       000000
__Hbigsfr                         bigsfr       000000
__Hbss                            bss          000000
__HbssBANK0                       bssBANK0     000000
__HbssBANK1                       bssBANK1     000000
__HbssCOMRAM                      bssCOMRAM    000000
__Hcinit                          cinit        000000
__Hclrtext                        clrtext      000000
__Hcomram                         comram       000000
__Hconfig                         config       30000E
__Hconst                          const        000000
__HcstackCOMRAM                   cstackCOMRAM 000000
__Hdata                           data         000000
__HdataBANK0                      dataBANK0    000000
__Heeprom_data                    eeprom_data  000000
__Hfarbss                         farbss       000000
__Hfardata                        fardata      000000
__Hheap                           heap         000000
__Hibigdata                       ibigdata     000000
__Hidata                          idata        000000
__HidataBANK0                     idataBANK0   000000
__Hidloc                          idloc        200008
__Hifardata                       ifardata     000000
__Hinit                           init         000004
__Hintcode                        intcode      000000
__Hintcode_body                   intcode_body 000000
__Hintcodelo                      intcodelo    000000
__Hintentry                       intentry     000000
__Hintret                         intret       000000
__Hintsave_regs                   intsave_regs 000000
__Hirdata                         irdata       000000
__Hmediumconst                    mediumconst  000000
__HnvFARRAM                       nvFARRAM     000000
__Hnvbit                          nvbit        000000
__Hnvrram                         nvrram       000000
__Hparam                          rparam       000000
__Hpowerup                        powerup      000000
__Hram                            ram          000000
__Hramtop                         ramtop       000600
__Hrbit                           rbit         000000
__Hrbss                           rbss         000000
__Hrdata                          rdata        000000
__Hreset_vec                      reset_vec    000000
__Hrparam                         rparam       000000
__Hsfr                            sfr          000000
__Hsivt_hi                        sivt_hi      000000
__Hsivt_lo                        sivt_lo      000000
__Hsmallconst                     smallconst   0006F2
__Hspace_0                        (abs)        0024C0
__Hspace_1                        (abs)        000196
__Hspace_2                        (abs)        000000
__Hspace_4                        (abs)        60000E
__Hstack                          stack        000000
__Hstruct                         struct       000000
__Htemp                           temp         000000
__Htext                           text         000000
__Htext0                          text0        000000
__Htext1                          text1        000000
__Htext10                         text10       000000
__Htext11                         text11       000000
__Htext12                         text12       000000
__Htext13                         text13       000000
__Htext14                         text14       000000
__Htext15                         text15       000000
__Htext16                         text16       000000
__Htext17                         text17       000000
__Htext18                         text18       000000
__Htext19                         text19       000000
__Htext2                          text2        000000
__Htext20                         text20       000000
__Htext21                         text21       000000
__Htext22                         text22       000000
__Htext23                         text23       000000
__Htext24                         text24       000000
__Htext25                         text25       000000
__Htext26                         text26       000000
__Htext27                         text27       000000
__Htext28                         text28       000000
__Htext29                         text29       000000
__Htext3                          text3        000000
__Htext30                         text30       000000
__Htext31                         text31       000000
__Htext32                         text32       000000
__Htext33                         text33       000000
__Htext34                         text34       000000
__Htext35                         text35       000000
__Htext36                         text36       000000
__Htext37                         text37       000000
__Htext38                         text38       000000
__Htext39                         text39       000000
__Htext4                          text4        000000
__Htext40                         text40       000000
__Htext5                          text5        000000
__Htext6                          text6        000000
__Htext7                          text7        000000
__Htext8                          text8        000000
__Htext9                          text9        000000
__LRAM                            (abs)        000001
__L__absolute__                   __absolute__ 000000
__Labs1                           abs1         000000
__Lbank0                          bank0        000000
__Lbank1                          bank1        000000
__Lbank2                          bank2        000000
__Lbank3                          bank3        000000
__Lbank4                          bank4        000000
__Lbank5                          bank5        000000
__Lbigbss                         bigbss       000000
__Lbigdata                        bigdata      000000
__Lbigram                         bigram       000000
__Lbigsfr                         bigsfr       000000
__Lbss                            bss          000000
__LbssBANK0                       bssBANK0     000000
__LbssBANK1                       bssBANK1     000000
__LbssCOMRAM                      bssCOMRAM    000000
__Lcinit                          cinit        000000
__Lclrtext                        clrtext      000000
__Lcomram                         comram       000000
__Lconfig                         config       000000
__Lconst                          const        000000
__LcstackCOMRAM                   cstackCOMRAM 000000
__Ldata                           data         000000
__LdataBANK0                      dataBANK0    000000
__Leeprom_data                    eeprom_data  000000
__Lfarbss                         farbss       000000
__Lfardata                        fardata      000000
__Lheap                           heap         000000
__Libigdata                       ibigdata     000000
__Lidata                          idata        000000
__LidataBANK0                     idataBANK0   000000
__Lidloc                          idloc        000000
__Lifardata                       ifardata     000000
__Linit                           init         000000
__Lintcode                        intcode      000000
__Lintcode_body                   intcode_body 000000
__Lintcodelo                      intcodelo    000000
__Lintentry                       intentry     000000
__Lintret                         intret       000000
__Lintsave_regs                   intsave_regs 000000
__Lirdata                         irdata       000000
__Lmediumconst                    mediumconst  000000
__LnvFARRAM                       nvFARRAM     000000
__Lnvbit                          nvbit        000000
__Lnvrram                         nvrram       000000
__Lparam                          rparam       000000
__Lpowerup                        powerup      000000
__Lram                            ram          000000
__Lramtop                         ramtop       000600
__Lrbit                           rbit         000000
__Lrbss                           rbss         000000
__Lrdata                          rdata        000000
__Lreset_vec                      reset_vec    000000
__Lrparam                         rparam       000000
__Lsfr                            sfr          000000
__Lsivt_hi                        sivt_hi      000000
__Lsivt_lo                        sivt_lo      000000
__Lsmallconst                     smallconst   000600
__Lspace_0                        (abs)        000000
__Lspace_1                        (abs)        000000
__Lspace_2                        (abs)        000000
__Lspace_4                        (abs)        000000
__Lstack                          stack        000000
__Lstruct                         struct       000000
__Ltemp                           temp         000000
__Ltext                           text         000000
__Ltext0                          text0        000000
__Ltext1                          text1        000000
__Ltext10                         text10       000000
__Ltext11                         text11       000000
__Ltext12                         text12       000000
__Ltext13                         text13       000000
__Ltext14                         text14       000000
__Ltext15                         text15       000000
__Ltext16                         text16       000000
__Ltext17                         text17       000000
__Ltext18                         text18       000000
__Ltext19                         text19       000000
__Ltext2                          text2        000000
__Ltext20                         text20       000000
__Ltext21                         text21       000000
__Ltext22                         text22       000000
__Ltext23                         text23       000000
__Ltext24                         text24       000000
__Ltext25                         text25       000000
__Ltext26                         text26       000000
__Ltext27                         text27       000000
__Ltext28                         text28       000000
__Ltext29                         text29       000000
__Ltext3                          text3        000000
__Ltext30                         text30       000000
__Ltext31                         text31       000000
__Ltext32                         text32       000000
__Ltext33                         text33       000000
__Ltext34                         text34       000000
__Ltext35                         text35       000000
__Ltext36                         text36       000000
__Ltext37                         text37       000000
__Ltext38                         text38       000000
__Ltext39                         text39       000000
__Ltext4                          text4        000000
__Ltext40                         text40       000000
__Ltext5                          text5        000000
__Ltext6                          text6        000000
__Ltext7                          text7        000000
__Ltext8                          text8        000000
__Ltext9                          text9        000000
__S0                              (abs)        0024C0
__S1                              (abs)        000196
__S4                              (abs)        000000
__S5                              (abs)        000000
___fldiv                          text37       000EF4
___fldiv@a                        cstackCOMRAM 00001A
___fldiv@aexp                     cstackCOMRAM 00002E
___fldiv@b                        cstackCOMRAM 000016
___fldiv@bexp                     cstackCOMRAM 00002D
___fldiv@grs                      cstackCOMRAM 000029
___fldiv@new_exp                  cstackCOMRAM 000027
___fldiv@rem                      cstackCOMRAM 000022
___fldiv@sign                     cstackCOMRAM 000026
___fltol                          text36       001C6E
___fltol@exp1                     cstackCOMRAM 000038
___fltol@f1                       cstackCOMRAM 00002F
___fltol@sign1                    cstackCOMRAM 000037
___heap_hi                        (abs)        000000
___heap_lo                        (abs)        000000
___inthi_sp                       stack        000000
___inthi_stack_hi                 stack        000000
___inthi_stack_lo                 stack        000000
___intlo_sp                       stack        000000
___intlo_stack_hi                 stack        000000
___intlo_stack_lo                 stack        000000
___lwdiv                          text30       002034
___lwdiv@counter                  cstackCOMRAM 000007
___lwdiv@dividend                 cstackCOMRAM 000001
___lwdiv@divisor                  cstackCOMRAM 000003
___lwdiv@quotient                 cstackCOMRAM 000005
___lwmod                          text29       002114
___lwmod@counter                  cstackCOMRAM 000005
___lwmod@dividend                 cstackCOMRAM 000001
___lwmod@divisor                  cstackCOMRAM 000003
___param_bank                     (abs)        000000
___rparam_used                    (abs)        000001
___sp                             stack        000000
___stack_hi                       stack        000000
___stack_lo                       stack        000000
___xxtofl                         text35       00169A
___xxtofl@arg                     cstackCOMRAM 000012
___xxtofl@exp                     cstackCOMRAM 000011
___xxtofl@sign                    cstackCOMRAM 000010
___xxtofl@val                     cstackCOMRAM 000008
__accesstop                       (abs)        000060
__activetblptr                    (abs)        000002
__end_of___fldiv                  text37       001284
__end_of___fltol                  text36       001D74
__end_of___lwdiv                  text30       0020A8
__end_of___lwmod                  text29       002178
__end_of___xxtofl                 text35       00184E
__end_of__initialization          cinit        00226E
__end_of_clcd_print               text39       002114
__end_of_clcd_putch               text34       002426
__end_of_clcd_write               text40       00233C
__end_of_clear_log                text38       001EB6
__end_of_dash_board               text22       0019F0
__end_of_download_log             text19       00169A
__end_of_get_time                 text13       001F38
__end_of_i2c_idle                 text28       002464
__end_of_i2c_no_ack               text18       0024C0
__end_of_i2c_read                 text16       00248E
__end_of_i2c_rep_start            text15       0024A2
__end_of_i2c_rx_mode              text17       0024AA
__end_of_i2c_start                text27       0024BA
__end_of_i2c_stop                 text26       0024B2
__end_of_i2c_write                text25       00249A
__end_of_init_adc                 text12       0023F4
__end_of_init_clcd                text11       001E1A
__end_of_init_config              text5        00240E
__end_of_init_ds1307              text9        002302
__end_of_init_i2c                 text8        00243C
__end_of_init_mkp                 text7        002474
__end_of_init_uart                text6        002390
__end_of_main                     text0        0014E2
__end_of_menu_display             text4        001C6E
__end_of_putch                    text21       002452
__end_of_puts                     text20       0021D6
__end_of_read_adc                 text33       0022BE
__end_of_read_ds1307              text14       0023BA
__end_of_read_external_eeprom     text2        002366
__end_of_read_matrix_keypad       text31       001FB8
__end_of_scan_key                 text32       002034
__end_of_set_time                 text3        000B00
__end_of_store_event              text23       001B32
__end_of_view_log                 text1        000EF4
__end_of_write_ds1307             text10       0023D8
__end_of_write_external_eeprom    text24       00222A
__initialization                  cinit        00222A
__mediumconst                     mediumconst  000000
__pbssBANK0                       bssBANK0     00006E
__pbssBANK1                       bssBANK1     000100
__pbssCOMRAM                      bssCOMRAM    00003A
__pcinit                          cinit        00222A
__pcstackCOMRAM                   cstackCOMRAM 000001
__pdataBANK0                      dataBANK0    000060
__pidataBANK0                     idataBANK0   002474
__psmallconst                     smallconst   000600
__ptext0                          text0        001284
__ptext1                          text1        000B00
__ptext10                         text10       0023BA
__ptext11                         text11       001D74
__ptext12                         text12       0023D8
__ptext13                         text13       001EB6
__ptext14                         text14       002390
__ptext15                         text15       00249A
__ptext16                         text16       002482
__ptext17                         text17       0024A2
__ptext18                         text18       0024BA
__ptext19                         text19       0014E2
__ptext2                          text2        00233C
__ptext20                         text20       002178
__ptext21                         text21       00243C
__ptext22                         text22       00184E
__ptext23                         text23       0019F0
__ptext24                         text24       0021D6
__ptext25                         text25       00248E
__ptext26                         text26       0024AA
__ptext27                         text27       0024B2
__ptext28                         text28       002452
__ptext29                         text29       002114
__ptext3                          text3        0006F2
__ptext30                         text30       002034
__ptext31                         text31       001F38
__ptext32                         text32       001FB8
__ptext33                         text33       002278
__ptext34                         text34       00240E
__ptext35                         text35       00169A
__ptext36                         text36       001C6E
__ptext37                         text37       000EF4
__ptext38                         text38       001E1A
__ptext39                         text39       0020A8
__ptext4                          text4        001B32
__ptext40                         text40       002302
__ptext5                          text5        0023F4
__ptext6                          text6        002366
__ptext7                          text7        002464
__ptext8                          text8        002426
__ptext9                          text9        0022BE
__ramtop                          ramtop       000600
__smallconst                      smallconst   000600
_addre                            bssCOMRAM    000057
_clcd_print                       text39       0020A8
_clcd_putch                       text34       00240E
_clcd_write                       text40       002302
_clear_log                        text38       001E1A
_clock_reg                        bssCOMRAM    00003A
_dash_board                       text22       00184E
_disp_count                       bssCOMRAM    00004F
_disp_flag                        bssCOMRAM    000051
_download_log                     text19       0014E2
_event_count                      bssCOMRAM    000055
_flag                             bssCOMRAM    000053
_get_time                         text13       001EB6
_i2c_idle                         text28       002452
_i2c_no_ack                       text18       0024BA
_i2c_read                         text16       002482
_i2c_rep_start                    text15       00249A
_i2c_rx_mode                      text17       0024A2
_i2c_start                        text27       0024B2
_i2c_stop                         text26       0024AA
_i2c_write                        text25       00248E
_index                            bssCOMRAM    00005B
_init_adc                         text12       0023D8
_init_clcd                        text11       001D74
_init_config                      text5        0023F4
_init_ds1307                      text9        0022BE
_init_i2c                         text8        002426
_init_mkp                         text7        002464
_init_uart                        text6        002366
_key                              bssCOMRAM    00005F
_main                             text0        001284
_menu                             dataBANK0    000068
_menu_display                     text4        001B32
_putch                            text21       00243C
_puts                             text20       002178
_read_adc                         text33       002278
_read_ds1307                      text14       002390
_read_external_eeprom             text2        00233C
_read_matrix_keypad               text31       001F38
_scan_key                         text32       001FB8
_set_time                         text3        0006F2
_shift_idx                        bssCOMRAM    00004B
_spd                              bssCOMRAM    00005D
_star_flag                        bssBANK0     000070
_store_add                        bssCOMRAM    00004D
_store_arr                        bssBANK1     000100
_store_event                      text23       0019F0
_store_idx                        bssCOMRAM    000059
_str                              dataBANK0    000060
_t_wait                           bssCOMRAM    000049
_time                             bssBANK0     000072
_view_log                         text1        000B00
_write_ds1307                     text10       0023BA
_write_external_eeprom            text24       0021D6
clcd_print@addr                   cstackCOMRAM 000005
clcd_print@data                   cstackCOMRAM 000003
clcd_putch@addr                   cstackCOMRAM 000008
clcd_putch@data                   cstackCOMRAM 000009
clcd_write@byte                   cstackCOMRAM 000002
clcd_write@control_bit            cstackCOMRAM 000001
clear_log@delay                   bssCOMRAM    000045
download_log@i                    cstackCOMRAM 000014
download_log@wait                 cstackCOMRAM 000008
download_log@wait_176             cstackCOMRAM 00000C
download_log@wait_180             cstackCOMRAM 000010
end_of_initialization             cinit        00226E
i2c_write@data                    cstackCOMRAM 000001
init_ds1307@dummy                 cstackCOMRAM 00000A
intlevel0                         text         000000
intlevel1                         text         000000
intlevel2                         text         000000
intlevel3                         text         000000
isa$std                           (abs)        000001
isa$xinst                         (abs)        000000
putch@byte                        cstackCOMRAM 000001
puts@s                            cstackCOMRAM 000002
read_adc@channel                  cstackCOMRAM 000007
read_adc@reg_val                  cstackCOMRAM 000005
read_ds1307@address               cstackCOMRAM 000002
read_ds1307@data                  cstackCOMRAM 000003
read_external_eeprom@address      cstackCOMRAM 000002
read_external_eeprom@data         cstackCOMRAM 000003
read_matrix_keypad@detection_type cstackCOMRAM 000001
read_matrix_keypad@key            cstackCOMRAM 000002
read_matrix_keypad@once           dataBANK0    00006C
set_time@field                    bssCOMRAM    000043
set_time@hr                       bssCOMRAM    000041
set_time@min                      bssCOMRAM    00003F
set_time@sec                      bssCOMRAM    00003D
set_time@set_flag                 bssBANK0     00006E
stackhi                           (abs)        000000
stacklo                           (abs)        000000
start                             init         000000
start_initialization              cinit        00222A
view_log@i                        cstackCOMRAM 00000E
view_log@val                      cstackCOMRAM 00000C
view_log@wait                     bssCOMRAM    000047
write_ds1307@address              cstackCOMRAM 000009
write_ds1307@data                 cstackCOMRAM 000008
write_external_eeprom@address     cstackCOMRAM 00000D
write_external_eeprom@data        cstackCOMRAM 000008
write_external_eeprom@wait        cstackCOMRAM 000009


MODULE INFORMATION

Module		Function		Class		Link	Load	Size
uart_1.c
		_putch         		CODE           	243C	0000	22
		_init_uart     		CODE           	2366	0000	42
		_puts          		CODE           	2178	0000	94

uart_1.c estimated size: 158

C:\Program Files\Microchip\xc8\v2.50\pic\sources\c99\common\sprcdiv.c
		___fldiv       		CODE           	0EF4	0000	912

C:\Program Files\Microchip\xc8\v2.50\pic\sources\c99\common\sprcdiv.c estimated size: 912

i2c.c
		_i2c_start     		CODE           	24B2	0000	8
		_i2c_no_ack    		CODE           	24BA	0000	6
		_i2c_rep_start 		CODE           	249A	0000	8
		_i2c_idle      		CODE           	2452	0000	18
		_i2c_write     		CODE           	248E	0000	12
		_i2c_stop      		CODE           	24AA	0000	8
		_i2c_read      		CODE           	2482	0000	12
		_init_i2c      		CODE           	2426	0000	22
		_i2c_rx_mode   		CODE           	24A2	0000	8

i2c.c estimated size: 102

C:\Program Files\Microchip\xc8\v2.50\pic\sources\c99\common\lwmod.c
		___lwmod       		CODE           	2114	0000	100

C:\Program Files\Microchip\xc8\v2.50\pic\sources\c99\common\lwmod.c estimated size: 100

ds1307.c
		_read_ds1307   		CODE           	2390	0000	42
		_write_ds1307  		CODE           	23BA	0000	30
		_init_ds1307   		CODE           	22BE	0000	68

ds1307.c estimated size: 140

adc.c
		_init_adc      		CODE           	23D8	0000	28
		_read_adc      		CODE           	2278	0000	70

adc.c estimated size: 98

C:\Program Files\Microchip\xc8\v2.50\pic\sources\c99\common\xxtofl.c
		___xxtofl      		CODE           	169A	0000	436

C:\Program Files\Microchip\xc8\v2.50\pic\sources\c99\common\xxtofl.c estimated size: 436

mkp.c
		_read_matrix_keypad		CODE           	1F38	0000	128
		_init_mkp      		CODE           	2464	0000	16
		_scan_key      		CODE           	1FB8	0000	124

mkp.c estimated size: 268

external_eeprom.c
		_write_external_eeprom		CODE           	21D6	0000	84
		_read_external_eeprom		CODE           	233C	0000	42

external_eeprom.c estimated size: 126

shared
		__initialization		CODE           	222A	0000	68

shared estimated size: 68

clcd.c
		_clcd_write    		CODE           	2302	0000	58
		_clcd_print    		CODE           	20A8	0000	108
		_clcd_putch    		CODE           	240E	0000	24
		_init_clcd     		CODE           	1D74	0000	166

clcd.c estimated size: 356

C:\Program Files\Microchip\xc8\v2.50\pic\sources\c99\common\lwdiv.c
		___lwdiv       		CODE           	2034	0000	116

C:\Program Files\Microchip\xc8\v2.50\pic\sources\c99\common\lwdiv.c estimated size: 116

C:\Program Files\Microchip\xc8\v2.50\pic\sources\c99\common\fltol.c
		___fltol       		CODE           	1C6E	0000	262

C:\Program Files\Microchip\xc8\v2.50\pic\sources\c99\common\fltol.c estimated size: 262

main.c
		_view_log      		CODE           	0B00	0000	1012
		_menu_display  		CODE           	1B32	0000	316
		_main          		CODE           	1284	0000	606
		_dash_board    		CODE           	184E	0000	418
		_get_time      		CODE           	1EB6	0000	130
		_download_log  		CODE           	14E2	0000	440
		_set_time      		CODE           	06F2	0000	1038
		_clear_log     		CODE           	1E1A	0000	156
		_init_config   		CODE           	23F4	0000	26
		_store_event   		CODE           	19F0	0000	322

main.c estimated size: 4464

